Evaluating Anime AutoEncoder...
Anime MSE: 0.001543, Latent Std: 0.042757
Evaluating Movies TF-IDF...
Evaluating Spotify DNN...
Spotify: track_embeddings.json does not store genre tags.
{
  "anime": {
    "mse": 0.0015428060432896018,
    "latent_std": 0.04275723919272423,
    "precision": 0.7316326530612245,
    "recall": 0.6783349101229896,
    "f1": 0.7039764359351989
  },
  "movies": {
    "vocab_size": 5000,
    "precision": 0.816,
    "recall": 0.6310904872389791,
    "f1": 0.7117313563017881
  },
  "spotify": {
    "status": "Limitation",
    "message": "track_embeddings.json does not store genre tags for any track (only embedding/name/artist) \u2014 genre-overlap evaluation is not obtainable from this artifact, regardless of dataset size."
  },
  "confusion_matrices": {
    "anime_cm": {
      "matrix": [
        [
          640,
          263
        ],
        [
          340,
          717
        ]
      ],
      "labels": [
        "Negative",
        "Positive"
      ],
      "title": "Anime AutoEncoder (Top-5 Genre Overlap)"
    },
    "movies_cm": {
      "matrix": [
        [
          520,
          184
        ],
        [
          477,
          816
        ]
      ],
      "labels": [
        "Negative",
        "Positive"
      ],
      "title": "Movies TF-IDF (Top-5 Genre Overlap)"
    }
  }
}
